Microchip MPLAB XC8 Compiler V2.00 ()

Linker command line:

-W-3 --edf=/opt/microchip/xc8/v2.00/pic/dat/en_msgs.txt -cs \
  -h+dist/default/production/houghTransformPIC.X.production.sym \
  --cmf=dist/default/production/houghTransformPIC.X.production.cmf -z \
  -Q16F18875 -o/tmp/xcXjcuYaF --defsym=__MPLAB_BUILD=1 \
  -Mdist/default/production/houghTransformPIC.X.production.map -E1 -ver=XC8 \
  --acfsm=1493 -ASTACK=02110h-023efh -pstack=STACK -ACODE=00h-07FFhx4 \
  -ASTRCODE=00h-01FFFh -ASTRING=00h-0FFhx32 -ACONST=00h-0FFhx32 \
  -AENTRY=00h-0FFhx32 -ACOMMON=070h-07Fh -ABANK0=020h-06Fh \
  -ABANK1=0A0h-0EFh -ABANK2=0120h-016Fh -ABANK3=01A0h-01EFh \
  -ABANK4=0220h-026Fh -ABANK5=02A0h-02EFh -ABANK6=0320h-036Fh \
  -ABANK7=03A0h-03EFh -ABANK8=0420h-046Fh -ABANK9=04A0h-04EFh \
  -ABANK10=0520h-056Fh -ABANK11=05A0h-05EFh -ABANK12=0620h-064Fh \
  -ABIGRAM=02000h-023EFh \
  -ARAM=020h-06Fh,0A0h-0EFh,0120h-016Fh,01A0h-01EFh,0220h-026Fh,02A0h-02EFh,0320h-036Fh,03A0h-03EFh,0420h-046Fh,04A0h-04EFh,0520h-056Fh,05A0h-05EFh,0620h-064Fh \
  -AABS1=020h-07Fh,0A0h-0EFh,0120h-016Fh,01A0h-01EFh,0220h-026Fh,02A0h-02EFh,0320h-036Fh,03A0h-03EFh,0420h-046Fh,04A0h-04EFh,0520h-056Fh,05A0h-05EFh,0620h-064Fh \
  -ASFR0=00h-01Fh -ASFR1=080h-09Fh -ASFR2=0100h-011Fh -ASFR3=0180h-019Fh \
  -ASFR4=0200h-021Fh -ASFR5=0280h-029Fh -ASFR6=0300h-031Fh \
  -ASFR7=0380h-039Fh -ASFR8=0400h-041Fh -ASFR9=0480h-049Fh \
  -ASFR10=0500h-051Fh -ASFR11=0580h-059Fh -ASFR12=0600h-061Fh \
  -ASFR13=0680h-06EFh -ASFR14=0700h-076Fh -ASFR15=0780h-07EFh \
  -ASFR16=0800h-086Fh -ASFR17=0880h-08EFh -ASFR18=0900h-096Fh \
  -ASFR19=0980h-09EFh -ASFR20=0A00h-0A6Fh -ASFR21=0A80h-0AEFh \
  -ASFR22=0B00h-0B6Fh -ASFR23=0B80h-0BEFh -ASFR24=0C00h-0C6Fh \
  -ASFR25=0C80h-0CEFh -ASFR26=0D00h-0D6Fh -ASFR27=0D80h-0DEFh \
  -ASFR28=0E00h-0E6Fh -ASFR29=0E80h-0EEFh -ASFR30=0F00h-0F6Fh \
  -ASFR31=0F80h-0FEFh -preset_vec=00h,intentry,init,end_init -ppowerup=CODE \
  -pcinit=CODE -pfunctab=ENTRY -ACONFIG=08007h-0800Bh -pconfig=CONFIG \
  -DCONFIG=2 -AIDLOC=08000h-08003h -pidloc=IDLOC -DIDLOC=2 \
  -AEEDATA=00h-0FFh/0F000h -peeprom_data=EEDATA -DEEDATA=2 -DCODE=2 \
  -DSTRCODE=2 -DSTRING=2 -DCONST=2 -DENTRY=2 -k /tmp/xcXrrkpO3.o \
  dist/default/production/houghTransformPIC.X.production.o 

Object code version is 3.11

Machine type is 16F18875



                Name                               Link     Load   Length Selector   Space Scale
/tmp/xcXrrkpO3.o
                end_init                              2        2        2        0       0
                reset_vec                             0        0        2        0       0
                config                             8007     8007        5    1000E       0
dist/default/production/houghTransformPIC.X.production.o
                cinit                               7E5      7E5       1B      FCA       0
                text30                             1AAB     1AAB        4     3556       0
                text29                             1E21     1E21      1DF     3C42       0
                text28                             1C0E     1C0E       51     381C       0
                text27                             1AD5     1AD5       22     35AA       0
                text26                              8CF      8CF       E8     119E       0
                text25                              9B7      9B7      272     136E       0
                text24                             1B1A     1B1A       26     3634       0
                text23                             1595     1595      26B     2B2A       0
                text22                             1167     1167      1FB     22CE       0
                text21                             1AB8     1AB8        E     3570       0
                text20                             1001     1001       95     2002       0
                text19                             1D6D     1D6D       B4     3ADA       0
                text18                             1AF7     1AF7       23     35EE       0
                text17                              C29      C29      3D7     1852       0
                text16                             1362     1362      233     26C4       0
                text15                              2E2      2E2      503      5C4       0
                text14                             1D0C     1D0C       61     3A18       0
                text13                             1C5F     1C5F       51     38BE       0
                text12                             1AB3     1AB3        5     3566       0
                text11                             1BCA     1BCA       44     3794       0
                text10                             1B6A     1B6A       2B     36D4       0
                text9                              1B40     1B40       2A     3680       0
                text8                              1CB0     1CB0       5C     3960       0
                text7                              1096     1096       D1     212C       0
                text6                               80D      80D       C2     101A       0
                text5                              1B95     1B95       35     372A       0
                text4                                 5        5       18        A       0
                text3                                1D       1D      2C5       3A       0
                text2                              1AAF     1AAF        4     355E       0
                text1                               806      806        7     100C       0
                maintext                           1AC6     1AC6        F     358C       0
                cstackBANK0                          20       20       50       20       1
                cstackCOMMON                         70       70        E       70       1
                cstackBANK1                          A0       A0       41       A0       1
                cstackBANK2                         120      120       3D      120       1
                clrtext                             800      800        6      FCA       0
                bssBANK3                            1A0      1A0       20      1A0       1
                bssBANK2                            15D      15D        8      120       1
                bssBANK1                             E1       E1        C       A0       1
                stringtext19                       19D8     19D8        2     3000       0
                stringtext18                       1800     1800      194     3000       0
                stringtext17                       19D4     19D4        4     3000       0
                stringtext16                       19D0     19D0        4     3000       0
                stringtext15                       19CC     19CC        4     3000       0
                stringtext14                       19C8     19C8        4     3000       0
                stringtext13                       19C4     19C4        4     3000       0
                stringtext12                       19C0     19C0        4     3000       0
                stringtext11                       19BC     19BC        4     3000       0
                stringtext10                       19B8     19B8        4     3000       0
                stringtext9                        19B4     19B4        4     3000       0
                stringtext8                        19B0     19B0        4     3000       0
                stringtext7                        19AC     19AC        4     3000       0
                stringtext6                        19A8     19A8        4     3000       0
                stringtext5                        19A4     19A4        4     3000       0
                stringtext4                        19A0     19A0        4     3000       0
                stringtext3                        199C     199C        4     3000       0
                stringtext2                        1998     1998        4     3000       0
                stringtext1                        1994     1994        4     3000       0

TOTAL           Name                               Link     Load   Length     Space
        CLASS   STACK          

        CLASS   CODE           
                end_init                              2        2        2         0
                cinit                               7E5      7E5       1B         0
                reset_vec                             0        0        2         0
                text30                             1AAB     1AAB        4         0
                text29                             1E21     1E21      1DF         0
                text28                             1C0E     1C0E       51         0
                text27                             1AD5     1AD5       22         0
                text26                              8CF      8CF       E8         0
                text25                              9B7      9B7      272         0
                text24                             1B1A     1B1A       26         0
                text23                             1595     1595      26B         0
                text22                             1167     1167      1FB         0
                text21                             1AB8     1AB8        E         0
                text20                             1001     1001       95         0
                text19                             1D6D     1D6D       B4         0
                text18                             1AF7     1AF7       23         0
                text17                              C29      C29      3D7         0
                text16                             1362     1362      233         0
                text15                              2E2      2E2      503         0
                text14                             1D0C     1D0C       61         0
                text13                             1C5F     1C5F       51         0
                text12                             1AB3     1AB3        5         0
                text11                             1BCA     1BCA       44         0
                text10                             1B6A     1B6A       2B         0
                text9                              1B40     1B40       2A         0
                text8                              1CB0     1CB0       5C         0
                text7                              1096     1096       D1         0
                text6                               80D      80D       C2         0
                text5                              1B95     1B95       35         0
                text4                                 5        5       18         0
                text3                                1D       1D      2C5         0
                text2                              1AAF     1AAF        4         0
                text1                               806      806        7         0
                maintext                           1AC6     1AC6        F         0
                clrtext                             800      800        6         0

        CLASS   STRCODE        
                stringtext19                       19D8     19D8        2         0
                stringtext18                       1800     1800      194         0
                stringtext17                       19D4     19D4        4         0
                stringtext16                       19D0     19D0        4         0
                stringtext15                       19CC     19CC        4         0
                stringtext14                       19C8     19C8        4         0
                stringtext13                       19C4     19C4        4         0
                stringtext12                       19C0     19C0        4         0
                stringtext11                       19BC     19BC        4         0
                stringtext10                       19B8     19B8        4         0
                stringtext9                        19B4     19B4        4         0
                stringtext8                        19B0     19B0        4         0
                stringtext7                        19AC     19AC        4         0
                stringtext6                        19A8     19A8        4         0
                stringtext5                        19A4     19A4        4         0
                stringtext4                        19A0     19A0        4         0
                stringtext3                        199C     199C        4         0
                stringtext2                        1998     1998        4         0
                stringtext1                        1994     1994        4         0

        CLASS   STRING         

        CLASS   CONST          

        CLASS   ENTRY          

        CLASS   COMMON         
                cstackCOMMON                         70       70        E         1

        CLASS   BANK0          
                cstackBANK0                          20       20       50         1

        CLASS   BANK1          
                cstackBANK1                          A0       A0       41         1
                bssBANK1                             E1       E1        C         1

        CLASS   BANK2          
                cstackBANK2                         120      120       3D         1
                bssBANK2                            15D      15D        8         1

        CLASS   BANK3          
                bssBANK3                            1A0      1A0       20         1

        CLASS   BANK4          

        CLASS   BANK5          

        CLASS   BANK6          

        CLASS   BANK7          

        CLASS   BANK8          

        CLASS   BANK9          

        CLASS   BANK10         

        CLASS   BANK11         

        CLASS   BANK12         

        CLASS   BIGRAM         

        CLASS   RAM            

        CLASS   ABS1           
                abs_s1                               7E       7E        2         1

        CLASS   SFR0           

        CLASS   SFR1           

        CLASS   SFR2           

        CLASS   SFR3           

        CLASS   SFR4           

        CLASS   SFR5           

        CLASS   SFR6           

        CLASS   SFR7           

        CLASS   SFR8           

        CLASS   SFR9           

        CLASS   SFR10          

        CLASS   SFR11          

        CLASS   SFR12          

        CLASS   SFR13          

        CLASS   SFR14          

        CLASS   SFR15          

        CLASS   SFR16          

        CLASS   SFR17          

        CLASS   SFR18          

        CLASS   SFR19          

        CLASS   SFR20          

        CLASS   SFR21          

        CLASS   SFR22          

        CLASS   SFR23          

        CLASS   SFR24          

        CLASS   SFR25          

        CLASS   SFR26          

        CLASS   SFR27          

        CLASS   SFR28          

        CLASS   SFR29          

        CLASS   SFR30          

        CLASS   SFR31          

        CLASS   CONFIG         
                config                             8007     8007        5         0

        CLASS   IDLOC          

        CLASS   EEDATA         

        CLASS   BANK31         

        CLASS   BANK30         

        CLASS   BANK29         

        CLASS   BANK28         

        CLASS   BANK27         

        CLASS   BANK26         

        CLASS   BANK25         

        CLASS   BANK24         

        CLASS   BANK23         

        CLASS   BANK22         

        CLASS   BANK21         

        CLASS   BANK20         

        CLASS   BANK19         

        CLASS   BANK18         

        CLASS   BANK17         

        CLASS   BANK16         

        CLASS   BANK15         

        CLASS   BANK14         

        CLASS   BANK13         



SEGMENTS        Name                           Load    Length   Top    Selector   Space  Class     Delta

                reset_vec                      000000  000004  000004         0       0  CODE        2
                text4                          000005  000018  00001D         A       0  CODE        2
                cstackBANK0                    000020  000050  000070        20       1  BANK0       1
                text3                          00001D  0002C5  0002E2        3A       0  CODE        2
                cstackCOMMON                   000070  00000E  00007E        70       1  COMMON      1
                cstackBANK1                    0000A0  00004D  0000ED        A0       1  BANK1       1
                cstackBANK2                    000120  000045  000165       120       1  BANK2       1
                bssBANK3                       0001A0  000020  0001C0       1A0       1  BANK3       1
                text15                         0002E2  000503  0007E5       5C4       0  CODE        2
                cinit                          0007E5  000021  000806       FCA       0  CODE        2
                text1                          000806  000007  00080D      100C       0  CODE        2
                text6                          00080D  0000C2  0008CF      101A       0  CODE        2
                text26                         0008CF  0000E8  0009B7      119E       0  CODE        2
                text25                         0009B7  000272  000C29      136E       0  CODE        2
                text17                         000C29  0003D7  001000      1852       0  CODE        2
                text20                         001001  000095  001096      2002       0  CODE        2
                text7                          001096  0000D1  001167      212C       0  CODE        2
                text22                         001167  0001FB  001362      22CE       0  CODE        2
                text16                         001362  000233  001595      26C4       0  CODE        2
                text23                         001595  00026B  001800      2B2A       0  CODE        2
                stringtext18                   001800  0001DA  0019DA      3000       0  STRCODE     2
                text30                         001AAB  000004  001AAF      3556       0  CODE        2
                text2                          001AAF  000004  001AB3      355E       0  CODE        2
                text12                         001AB3  000005  001AB8      3566       0  CODE        2
                text21                         001AB8  00000E  001AC6      3570       0  CODE        2
                maintext                       001AC6  00000F  001AD5      358C       0  CODE        2
                text27                         001AD5  000022  001AF7      35AA       0  CODE        2
                text18                         001AF7  000023  001B1A      35EE       0  CODE        2
                text24                         001B1A  000026  001B40      3634       0  CODE        2
                text9                          001B40  00002A  001B6A      3680       0  CODE        2
                text10                         001B6A  00002B  001B95      36D4       0  CODE        2
                text5                          001B95  000035  001BCA      372A       0  CODE        2
                text11                         001BCA  000044  001C0E      3794       0  CODE        2
                text28                         001C0E  000051  001C5F      381C       0  CODE        2
                text13                         001C5F  000051  001CB0      38BE       0  CODE        2
                text8                          001CB0  00005C  001D0C      3960       0  CODE        2
                text14                         001D0C  000061  001D6D      3A18       0  CODE        2
                text19                         001D6D  0000B4  001E21      3ADA       0  CODE        2
                text29                         001E21  0001DF  002000      3C42       0  CODE        2
                config                         008007  000005  00800C     1000E       0  CONFIG      2


UNUSED ADDRESS RANGES

        Name                Unused          Largest block    Delta
        BANK1            000ED-000EF               3           1
        BANK10           00520-0056F              50           1
        BANK11           005A0-005EF              50           1
        BANK12           00620-0064F              30           1
        BANK2            00165-0016F               B           1
        BANK3            001C0-001EF              30           1
        BANK4            00220-0026F              50           1
        BANK5            002A0-002EF              50           1
        BANK6            00320-0036F              50           1
        BANK7            003A0-003EF              50           1
        BANK8            00420-0046F              50           1
        BANK9            004A0-004EF              50           1
        BIGRAM           02000-023EF             3F0           1
        CODE             00004-00004               1           2
                         01000-01000               1
                         019DA-01AAA              D1
        CONST            00004-00004               1           2
                         01000-01000               1
                         019DA-01AAA              26
        EEDATA           0F000-0F0FF             100           2
        ENTRY            00004-00004               1           2
                         01000-01000               1
                         019DA-01AAA              26
        IDLOC            08000-08003               4           2
        RAM              000ED-000EF               3           1
                         00165-0016F               B
                         001C0-001EF              30
                         00220-0026F              50
                         002A0-002EF              50
                         00320-0036F              50
                         003A0-003EF              50
                         00420-0046F              50
                         004A0-004EF              50
                         00520-0056F              50
                         005A0-005EF              50
                         00620-0064F              30
        SFR0             00000-0001F              20           1
        SFR1             00080-0009F              20           1
        SFR10            00500-0051F              20           1
        SFR11            00580-0059F              20           1
        SFR12            00600-0061F              20           1
        SFR13            00680-006EF              70           1
        SFR14            00700-0076F              70           1
        SFR15            00780-007EF              70           1
        SFR16            00800-0086F              70           1
        SFR17            00880-008EF              70           1
        SFR18            00900-0096F              70           1
        SFR19            00980-009EF              70           1
        SFR2             00100-0011F              20           1
        SFR20            00A00-00A6F              70           1
        SFR21            00A80-00AEF              70           1
        SFR22            00B00-00B6F              70           1
        SFR23            00B80-00BEF              70           1
        SFR24            00C00-00C6F              70           1
        SFR25            00C80-00CEF              70           1
        SFR26            00D00-00D6F              70           1
        SFR27            00D80-00DEF              70           1
        SFR28            00E00-00E6F              70           1
        SFR29            00E80-00EEF              70           1
        SFR3             00180-0019F              20           1
        SFR30            00F00-00F6F              70           1
        SFR31            00F80-00FEF              70           1
        SFR4             00200-0021F              20           1
        SFR5             00280-0029F              20           1
        SFR6             00300-0031F              20           1
        SFR7             00380-0039F              20           1
        SFR8             00400-0041F              20           1
        SFR9             00480-0049F              20           1
        STACK            02110-023EF             2E0           1
        STRCODE          00004-00004               1           2
                         01000-01000               1
                         019DA-01AAA              D1
        STRING           00004-00004               1           2
                         01000-01000               1
                         019DA-01AAA              26

                                  Symbol Table

?__Umul8_16                      cstackCOMMON 00070
?___cosdf                        cstackBANK1  000A0
?___fladd                        cstackBANK0  00058
?___fldiv                        cstackBANK0  0003A
?___flmul                        cstackBANK0  00020
?___flneg                        cstackBANK0  00054
?___fltol                        cstackBANK1  000A0
?___lldiv                        cstackCOMMON 00070
?___llmod                        cstackCOMMON 00070
?___rem_pio2f                    cstackBANK1  000AB
?___sindf                        cstackBANK1  000A0
?___wmul                         cstackCOMMON 00070
?___xxtofl                       cstackCOMMON 00070
?_ceilf                          cstackBANK1  000A0
?_cosf                           cstackBANK1  000D6
?_fabsf                          cstackCOMMON 00070
?_pad                            cstackBANK0  00024
?_printf                         cstackBANK0  00050
?_strlen                         cstackCOMMON 00070
?_utoa                           cstackBANK0  0002C
?_vfpfcnvrt                      cstackBANK0  0003C
?_vfprintf                       cstackBANK0  00048
_C0                              stringtext13 019C4
_C1                              stringtext12 019C0
_C2                              stringtext11 019BC
_C3                              stringtext10 019B8
_DataInput                       stringtext18 01800
_LATA                            (abs)        00016
_LATAbits                        (abs)        00016
_RCSTAbits                       (abs)        0011D
_S1                              stringtext4  019A0
_S2                              stringtext3  0199C
_S3                              stringtext2  01998
_S4                              stringtext1  01994
_TRISA                           (abs)        00011
_TXREG                           (abs)        0011A
_TXSTAbits                       (abs)        0011E
__CFG_BOREN$ON                   (abs)        00000
__CFG_BORV$LO                    (abs)        00000
__CFG_CLKOUTEN$OFF               (abs)        00000
__CFG_CP$OFF                     (abs)        00000
__CFG_CPD$OFF                    (abs)        00000
__CFG_CSWEN$ON                   (abs)        00000
__CFG_FCMEN$ON                   (abs)        00000
__CFG_FEXTOSC$OFF                (abs)        00000
__CFG_LPBOREN$OFF                (abs)        00000
__CFG_LVP$ON                     (abs)        00000
__CFG_MCLRE$ON                   (abs)        00000
__CFG_PPS1WAY$ON                 (abs)        00000
__CFG_PWRTE$OFF                  (abs)        00000
__CFG_RSTOSC$HFINT32             (abs)        00000
__CFG_SCANE$available            (abs)        00000
__CFG_STVREN$ON                  (abs)        00000
__CFG_WDTCCS$SC                  (abs)        00000
__CFG_WDTCPS$WDTCPS_31           (abs)        00000
__CFG_WDTCWS$WDTCWS_7            (abs)        00000
__CFG_WDTE$OFF                   (abs)        00000
__CFG_WRT$OFF                    (abs)        00000
__CFG_ZCD$OFF                    (abs)        00000
__Habs1                          abs1         00000
__Hbank0                         bank0        00000
__Hbank1                         bank1        00000
__Hbank10                        bank10       00000
__Hbank11                        bank11       00000
__Hbank12                        bank12       00000
__Hbank13                        bank13       00000
__Hbank14                        bank14       00000
__Hbank15                        bank15       00000
__Hbank16                        bank16       00000
__Hbank17                        bank17       00000
__Hbank18                        bank18       00000
__Hbank19                        bank19       00000
__Hbank2                         bank2        00000
__Hbank20                        bank20       00000
__Hbank21                        bank21       00000
__Hbank22                        bank22       00000
__Hbank23                        bank23       00000
__Hbank24                        bank24       00000
__Hbank25                        bank25       00000
__Hbank26                        bank26       00000
__Hbank27                        bank27       00000
__Hbank28                        bank28       00000
__Hbank29                        bank29       00000
__Hbank3                         bank3        00000
__Hbank30                        bank30       00000
__Hbank31                        bank31       00000
__Hbank4                         bank4        00000
__Hbank5                         bank5        00000
__Hbank6                         bank6        00000
__Hbank7                         bank7        00000
__Hbank8                         bank8        00000
__Hbank9                         bank9        00000
__Hbigram                        bigram       00000
__HbssBANK1                      bssBANK1     00000
__HbssBANK2                      bssBANK2     00000
__HbssBANK3                      bssBANK3     00000
__Hcinit                         cinit        00800
__Hclrtext                       clrtext      00000
__Hcode                          code         00000
__Hcommon                        common       00000
__Hconfig                        config       0800C
__HcstackBANK0                   cstackBANK0  00000
__HcstackBANK1                   cstackBANK1  00000
__HcstackBANK2                   cstackBANK2  00000
__HcstackCOMMON                  cstackCOMMON 00000
__Heeprom_data                   eeprom_data  00000
__Hend_init                      end_init     00004
__Hfunctab                       functab      00000
__Hidloc                         idloc        00000
__Hinit                          init         00002
__Hintentry                      intentry     00002
__Hmaintext                      maintext     00000
__Hpowerup                       powerup      00000
__Hram                           ram          00000
__Hreset_vec                     reset_vec    00002
__Hsfr0                          sfr0         00000
__Hsfr1                          sfr1         00000
__Hsfr10                         sfr10        00000
__Hsfr11                         sfr11        00000
__Hsfr12                         sfr12        00000
__Hsfr13                         sfr13        00000
__Hsfr14                         sfr14        00000
__Hsfr15                         sfr15        00000
__Hsfr16                         sfr16        00000
__Hsfr17                         sfr17        00000
__Hsfr18                         sfr18        00000
__Hsfr19                         sfr19        00000
__Hsfr2                          sfr2         00000
__Hsfr20                         sfr20        00000
__Hsfr21                         sfr21        00000
__Hsfr22                         sfr22        00000
__Hsfr23                         sfr23        00000
__Hsfr24                         sfr24        00000
__Hsfr25                         sfr25        00000
__Hsfr26                         sfr26        00000
__Hsfr27                         sfr27        00000
__Hsfr28                         sfr28        00000
__Hsfr29                         sfr29        00000
__Hsfr3                          sfr3         00000
__Hsfr30                         sfr30        00000
__Hsfr31                         sfr31        00000
__Hsfr4                          sfr4         00000
__Hsfr5                          sfr5         00000
__Hsfr6                          sfr6         00000
__Hsfr7                          sfr7         00000
__Hsfr8                          sfr8         00000
__Hsfr9                          sfr9         00000
__Hspace_0                       (abs)        0800C
__Hspace_1                       (abs)        001C0
__Hspace_2                       (abs)        00000
__Hspace_3                       (abs)        00000
__Hstack                         stack        00000
__Hstrings                       strings      00000
__Hstringtext1                   stringtext1  00000
__Hstringtext10                  stringtext10 00000
__Hstringtext11                  stringtext11 00000
__Hstringtext12                  stringtext12 00000
__Hstringtext13                  stringtext13 00000
__Hstringtext14                  stringtext14 00000
__Hstringtext15                  stringtext15 00000
__Hstringtext16                  stringtext16 00000
__Hstringtext17                  stringtext17 00000
__Hstringtext18                  stringtext18 00000
__Hstringtext19                  stringtext19 00000
__Hstringtext2                   stringtext2  00000
__Hstringtext20                  stringtext20 00000
__Hstringtext3                   stringtext3  00000
__Hstringtext4                   stringtext4  00000
__Hstringtext5                   stringtext5  00000
__Hstringtext6                   stringtext6  00000
__Hstringtext7                   stringtext7  00000
__Hstringtext8                   stringtext8  00000
__Hstringtext9                   stringtext9  00000
__Htext                          text         00000
__Labs1                          abs1         00000
__Lbank0                         bank0        00000
__Lbank1                         bank1        00000
__Lbank10                        bank10       00000
__Lbank11                        bank11       00000
__Lbank12                        bank12       00000
__Lbank13                        bank13       00000
__Lbank14                        bank14       00000
__Lbank15                        bank15       00000
__Lbank16                        bank16       00000
__Lbank17                        bank17       00000
__Lbank18                        bank18       00000
__Lbank19                        bank19       00000
__Lbank2                         bank2        00000
__Lbank20                        bank20       00000
__Lbank21                        bank21       00000
__Lbank22                        bank22       00000
__Lbank23                        bank23       00000
__Lbank24                        bank24       00000
__Lbank25                        bank25       00000
__Lbank26                        bank26       00000
__Lbank27                        bank27       00000
__Lbank28                        bank28       00000
__Lbank29                        bank29       00000
__Lbank3                         bank3        00000
__Lbank30                        bank30       00000
__Lbank31                        bank31       00000
__Lbank4                         bank4        00000
__Lbank5                         bank5        00000
__Lbank6                         bank6        00000
__Lbank7                         bank7        00000
__Lbank8                         bank8        00000
__Lbank9                         bank9        00000
__Lbigram                        bigram       00000
__LbssBANK1                      bssBANK1     00000
__LbssBANK2                      bssBANK2     00000
__LbssBANK3                      bssBANK3     00000
__Lcinit                         cinit        007E5
__Lclrtext                       clrtext      00000
__Lcode                          code         00000
__Lcommon                        common       00000
__Lconfig                        config       08007
__LcstackBANK0                   cstackBANK0  00000
__LcstackBANK1                   cstackBANK1  00000
__LcstackBANK2                   cstackBANK2  00000
__LcstackCOMMON                  cstackCOMMON 00000
__Leeprom_data                   eeprom_data  00000
__Lend_init                      end_init     00002
__Lfunctab                       functab      00000
__Lidloc                         idloc        00000
__Linit                          init         00002
__Lintentry                      intentry     00002
__Lmaintext                      maintext     00000
__Lpowerup                       powerup      00000
__Lram                           ram          00000
__Lreset_vec                     reset_vec    00000
__Lsfr0                          sfr0         00000
__Lsfr1                          sfr1         00000
__Lsfr10                         sfr10        00000
__Lsfr11                         sfr11        00000
__Lsfr12                         sfr12        00000
__Lsfr13                         sfr13        00000
__Lsfr14                         sfr14        00000
__Lsfr15                         sfr15        00000
__Lsfr16                         sfr16        00000
__Lsfr17                         sfr17        00000
__Lsfr18                         sfr18        00000
__Lsfr19                         sfr19        00000
__Lsfr2                          sfr2         00000
__Lsfr20                         sfr20        00000
__Lsfr21                         sfr21        00000
__Lsfr22                         sfr22        00000
__Lsfr23                         sfr23        00000
__Lsfr24                         sfr24        00000
__Lsfr25                         sfr25        00000
__Lsfr26                         sfr26        00000
__Lsfr27                         sfr27        00000
__Lsfr28                         sfr28        00000
__Lsfr29                         sfr29        00000
__Lsfr3                          sfr3         00000
__Lsfr30                         sfr30        00000
__Lsfr31                         sfr31        00000
__Lsfr4                          sfr4         00000
__Lsfr5                          sfr5         00000
__Lsfr6                          sfr6         00000
__Lsfr7                          sfr7         00000
__Lsfr8                          sfr8         00000
__Lsfr9                          sfr9         00000
__Lspace_0                       (abs)        00000
__Lspace_1                       (abs)        00000
__Lspace_2                       (abs)        00000
__Lspace_3                       (abs)        00000
__Lstack                         stack        00000
__Lstrings                       strings      00000
__Lstringtext1                   stringtext1  00000
__Lstringtext10                  stringtext10 00000
__Lstringtext11                  stringtext11 00000
__Lstringtext12                  stringtext12 00000
__Lstringtext13                  stringtext13 00000
__Lstringtext14                  stringtext14 00000
__Lstringtext15                  stringtext15 00000
__Lstringtext16                  stringtext16 00000
__Lstringtext17                  stringtext17 00000
__Lstringtext18                  stringtext18 00000
__Lstringtext19                  stringtext19 00000
__Lstringtext2                   stringtext2  00000
__Lstringtext20                  stringtext20 00000
__Lstringtext3                   stringtext3  00000
__Lstringtext4                   stringtext4  00000
__Lstringtext5                   stringtext5  00000
__Lstringtext6                   stringtext6  00000
__Lstringtext7                   stringtext7  00000
__Lstringtext8                   stringtext8  00000
__Lstringtext9                   stringtext9  00000
__Ltext                          text         00000
__S0                             (abs)        0800C
__S1                             (abs)        001C0
__S2                             (abs)        00000
__S3                             (abs)        00000
__Umul8_16                       text24       01B1A
__Umul8_16@multiplicand          cstackCOMMON 00070
__Umul8_16@multiplier            cstackCOMMON 00078
__Umul8_16@product               cstackCOMMON 00074
__Umul8_16@word_mpld             cstackCOMMON 00076
___cosdf                         text22       01167
___cosdf$949                     cstackBANK1  000B0
___cosdf$950                     cstackBANK1  000B4
___cosdf$951                     cstackBANK1  000B8
___cosdf@r                       cstackBANK1  000AC
___cosdf@w                       cstackBANK1  000BC
___cosdf@x                       cstackBANK1  000A0
___cosdf@z                       cstackBANK1  000C0
___fladd                         text25       009B7
___fladd@a                       cstackBANK0  0005C
___fladd@aexp                    cstackBANK0  0006D
___fladd@b                       cstackBANK0  00058
___fladd@bexp                    cstackBANK0  0006E
___fladd@grs                     cstackBANK0  0006F
___fladd@signs                   cstackBANK0  0006C
___fldiv                         text29       01E21
___fldiv@a                       cstackBANK0  0003A
___fldiv@aexp                    cstackBANK0  00053
___fldiv@b                       cstackBANK0  0003E
___fldiv@bexp                    cstackBANK0  00052
___fldiv@grs                     cstackBANK0  0004E
___fldiv@new_exp                 cstackBANK0  0004C
___fldiv@rem                     cstackBANK0  00047
___fldiv@sign                    cstackBANK0  0004B
___fleq                          text28       01C0E
___fleq@ff1                      cstackBANK1  000B4
___fleq@ff2                      cstackBANK1  000B8
___flmul                         text23       01595
___flmul@a                       cstackBANK0  00024
___flmul@aexp                    cstackBANK0  00032
___flmul@b                       cstackBANK0  00020
___flmul@bexp                    cstackBANK0  00033
___flmul@grs                     cstackBANK0  0002E
___flmul@prod                    cstackBANK0  00034
___flmul@sign                    cstackBANK0  0002D
___flmul@temp                    cstackBANK0  00038
___flneg                         text21       01AB8
___flneg@f1                      cstackBANK0  00054
___fltol                         text20       01001
___fltol@exp1                    cstackBANK1  000AA
___fltol@f1                      cstackBANK1  000A0
___fltol@sign1                   cstackBANK1  000A9
___int_sp                        stack        00000
___latbits                       (abs)        00002
___lldiv                         text14       01D0C
___lldiv@counter                 cstackCOMMON 0007D
___lldiv@dividend                cstackCOMMON 00074
___lldiv@divisor                 cstackCOMMON 00070
___lldiv@quotient                cstackCOMMON 00079
___llmod                         text13       01C5F
___llmod@counter                 cstackCOMMON 00079
___llmod@dividend                cstackCOMMON 00074
___llmod@divisor                 cstackCOMMON 00070
___rem_pio2f                     text17       00C29
___rem_pio2f$952                 cstackBANK1  000C6
___rem_pio2f@F520                bssBANK2     00161
___rem_pio2f@fn                  cstackBANK1  000CA
___rem_pio2f@ix                  cstackBANK1  000BC
___rem_pio2f@n                   cstackBANK1  000D2
___rem_pio2f@sign                cstackBANK1  000C0
___rem_pio2f@t                   cstackBANK1  000CE
___rem_pio2f@ty                  cstackBANK1  000B8
___rem_pio2f@u                   cstackBANK1  000C2
___rem_pio2f@x                   cstackBANK1  000AB
___rem_pio2f@y                   cstackBANK1  000AF
___sindf                         text16       01362
___sindf$953                     cstackBANK1  000B4
___sindf$954                     cstackBANK1  000B8
___sindf$955                     cstackBANK1  000BC
___sindf@r                       cstackBANK1  000AC
___sindf@s                       cstackBANK1  000C0
___sindf@w                       cstackBANK1  000B0
___sindf@x                       cstackBANK1  000A0
___sindf@z                       cstackBANK1  000C4
___sp                            stack        00000
___wmul                          text27       01AD5
___wmul@multiplicand             cstackCOMMON 00072
___wmul@multiplier               cstackCOMMON 00070
___wmul@product                  cstackCOMMON 00074
___xxtofl                        text19       01D6D
___xxtofl@arg                    cstackCOMMON 0007A
___xxtofl@exp                    cstackCOMMON 00079
___xxtofl@sign                   cstackCOMMON 00078
___xxtofl@val                    cstackCOMMON 00070
__end_of_C0                      stringtext13 019C8
__end_of_C1                      stringtext12 019C4
__end_of_C2                      stringtext11 019C0
__end_of_C3                      stringtext10 019BC
__end_of_DataInput               stringtext18 01990
__end_of_S1                      stringtext4  019A4
__end_of_S2                      stringtext3  019A0
__end_of_S3                      stringtext2  0199C
__end_of_S4                      stringtext1  01998
__end_of__Umul8_16               text24       01B40
__end_of___cosdf                 text22       01362
__end_of___fladd                 text25       00C29
__end_of___fldiv                 text29       02000
__end_of___fleq                  text28       01C5F
__end_of___flmul                 text23       01800
__end_of___flneg                 text21       01AC6
__end_of___fltol                 text20       01096
__end_of___lldiv                 text14       01D6D
__end_of___llmod                 text13       01CB0
__end_of___rem_pio2f             text17       01000
__end_of___sindf                 text16       01595
__end_of___wmul                  text27       01AF7
__end_of___xxtofl                text19       01E21
__end_of__initialization         cinit        007FD
__end_of_c1pio2                  stringtext17 019D8
__end_of_c2pio2                  stringtext16 019D4
__end_of_c3pio2                  stringtext15 019D0
__end_of_c4pio2                  stringtext14 019CC
__end_of_ceilf                   text26       009B7
__end_of_cosf                    text15       007E5
__end_of_endProcessLED           text30       01AAF
__end_of_fabsf                   text18       01B1A
__end_of_fputc                   text11       01C0E
__end_of_fputs                   text10       01B95
__end_of_half                    stringtext8  019B4
__end_of_houghTransform          text3        002E2
__end_of_initUart                text2        01AB3
__end_of_invpio2                 stringtext7  019B0
__end_of_main                    maintext     01AD5
__end_of_pad                     text8        01D0C
__end_of_pio2_1                  stringtext6  019AC
__end_of_pio2_1t                 stringtext5  019A8
__end_of_printf                  text4        0001D
__end_of_putch                   text12       01AB8
__end_of_startProcessLED         text1        0080D
__end_of_strlen                  text9        01B6A
__end_of_toint                   stringtext9  019B8
__end_of_utoa                    text7        01167
__end_of_vfpfcnvrt               text6        008CF
__end_of_vfprintf                text5        01BCA
__initialization                 cinit        007E5
__pbssBANK1                      bssBANK1     000E1
__pbssBANK2                      bssBANK2     0015D
__pbssBANK3                      bssBANK3     001A0
__pcstackBANK0                   cstackBANK0  00020
__pcstackBANK1                   cstackBANK1  000A0
__pcstackBANK2                   cstackBANK2  00120
__pcstackCOMMON                  cstackCOMMON 00070
__pmaintext                      maintext     01AC6
__pstringtext1                   stringtext1  01994
__pstringtext10                  stringtext10 019B8
__pstringtext11                  stringtext11 019BC
__pstringtext12                  stringtext12 019C0
__pstringtext13                  stringtext13 019C4
__pstringtext14                  stringtext14 019C8
__pstringtext15                  stringtext15 019CC
__pstringtext16                  stringtext16 019D0
__pstringtext17                  stringtext17 019D4
__pstringtext18                  stringtext18 01800
__pstringtext19                  stringtext19 019D8
__pstringtext2                   stringtext2  01998
__pstringtext20                  stringtext20 00000
__pstringtext3                   stringtext3  0199C
__pstringtext4                   stringtext4  019A0
__pstringtext5                   stringtext5  019A4
__pstringtext6                   stringtext6  019A8
__pstringtext7                   stringtext7  019AC
__pstringtext8                   stringtext8  019B0
__pstringtext9                   stringtext9  019B4
__ptext1                         text1        00806
__ptext10                        text10       01B6A
__ptext11                        text11       01BCA
__ptext12                        text12       01AB3
__ptext13                        text13       01C5F
__ptext14                        text14       01D0C
__ptext15                        text15       002E2
__ptext16                        text16       01362
__ptext17                        text17       00C29
__ptext18                        text18       01AF7
__ptext19                        text19       01D6D
__ptext2                         text2        01AAF
__ptext20                        text20       01001
__ptext21                        text21       01AB8
__ptext22                        text22       01167
__ptext23                        text23       01595
__ptext24                        text24       01B1A
__ptext25                        text25       009B7
__ptext26                        text26       008CF
__ptext27                        text27       01AD5
__ptext28                        text28       01C0E
__ptext29                        text29       01E21
__ptext3                         text3        0001D
__ptext30                        text30       01AAB
__ptext4                         text4        00005
__ptext5                         text5        01B95
__ptext6                         text6        0080D
__ptext7                         text7        01096
__ptext8                         text8        01CB0
__ptext9                         text9        01B40
__size_of__Umul8_16              (abs)        00000
__size_of___cosdf                (abs)        00000
__size_of___fladd                (abs)        00000
__size_of___fldiv                (abs)        00000
__size_of___fleq                 (abs)        00000
__size_of___flmul                (abs)        00000
__size_of___flneg                (abs)        00000
__size_of___fltol                (abs)        00000
__size_of___lldiv                (abs)        00000
__size_of___llmod                (abs)        00000
__size_of___rem_pio2f            (abs)        00000
__size_of___sindf                (abs)        00000
__size_of___wmul                 (abs)        00000
__size_of___xxtofl               (abs)        00000
__size_of_ceilf                  (abs)        00000
__size_of_cosf                   (abs)        00000
__size_of_endProcessLED          (abs)        00000
__size_of_fabsf                  (abs)        00000
__size_of_fputc                  (abs)        00000
__size_of_fputs                  (abs)        00000
__size_of_houghTransform         (abs)        00000
__size_of_initUart               (abs)        00000
__size_of_main                   (abs)        00000
__size_of_pad                    (abs)        00000
__size_of_printf                 (abs)        00000
__size_of_putch                  (abs)        00000
__size_of_startProcessLED        (abs)        00000
__size_of_strlen                 (abs)        00000
__size_of_utoa                   (abs)        00000
__size_of_vfpfcnvrt              (abs)        00000
__size_of_vfprintf               (abs)        00000
_c1pio2                          stringtext17 019D4
_c2pio2                          stringtext16 019D0
_c3pio2                          stringtext15 019CC
_c4pio2                          stringtext14 019C8
_ceilf                           text26       008CF
_cosf                            text15       002E2
_cosf$673                        cstackBANK2  00128
_cosf$674                        cstackBANK2  0012C
_cosf$948                        cstackBANK2  00132
_dbuf                            bssBANK3     001A0
_endProcessLED                   text30       01AAB
_fabsf                           text18       01AF7
_flags                           bssBANK1     000EB
_fputc                           text11       01BCA
_fputs                           text10       01B6A
_half                            stringtext8  019B0
_houghTransform                  text3        0001D
_houghTransform$946              cstackBANK2  0014A
_houghTransform$947              cstackBANK2  0014E
_initUart                        text2        01AAF
_invpio2                         stringtext7  019AC
_main                            maintext     01AC6
_nout                            bssBANK1     000E5
_pad                             text8        01CB0
_pio2_1                          stringtext6  019A8
_pio2_1t                         stringtext5  019A4
_prec                            bssBANK1     000E9
_printf                          text4        00005
_putch                           text12       01AB3
_startProcessLED                 text1        00806
_strlen                          text9        01B40
_utoa                            text7        01096
_vfpfcnvrt                       text6        0080D
_vfprintf                        text5        01B95
_width                           bssBANK1     000E7
btemp                            (abs)        0007E
ceilf@F514                       bssBANK1     000E1
ceilf@e                          cstackBANK1  000AE
ceilf@m                          cstackBANK1  000AA
ceilf@u                          cstackBANK1  000B0
ceilf@x                          cstackBANK1  000A0
clear_ram0                       clrtext      00800
cosf@__xc8_float_word            cstackBANK2  00124
cosf@ix                          cstackBANK2  0013A
cosf@n                           cstackBANK2  00120
cosf@sign                        cstackBANK2  00130
cosf@x                           cstackBANK1  000D6
cosf@y                           cstackBANK2  00136
end_of_initialization            cinit        007FD
fabsf@F453                       bssBANK2     0015D
fabsf@u                          cstackCOMMON 00074
fabsf@x                          cstackCOMMON 00070
fputc@c                          cstackCOMMON 00071
fputc@fp                         cstackCOMMON 00073
fputs@c                          cstackBANK0  00020
fputs@fp                         cstackCOMMON 00079
fputs@i                          cstackBANK0  00021
fputs@s                          cstackBANK0  00023
houghTransform@accumulator_pixel cstackBANK2  00154
houghTransform@cosTheta          cstackBANK2  00142
houghTransform@i                 cstackBANK2  00159
houghTransform@inputImage        cstackBANK2  00152
houghTransform@j                 cstackBANK2  00157
houghTransform@rho               cstackBANK2  0013E
houghTransform@rhoD              cstackBANK2  00155
houghTransform@sinTheta          cstackBANK2  00146
houghTransform@theta             cstackBANK2  0015B
intlevel0                        functab      00000
intlevel1                        functab      00000
intlevel2                        functab      00000
intlevel3                        functab      00000
intlevel4                        functab      00000
intlevel5                        functab      00000
pad@buf                          cstackBANK0  00024
pad@fp                           cstackBANK0  0002B
pad@i                            cstackBANK0  00027
pad@p                            cstackBANK0  00025
pad@w                            cstackBANK0  00029
printf@ap                        cstackBANK0  00057
printf@fmt                       cstackBANK0  00050
printf@ret                       cstackBANK0  00055
putch@data                       cstackCOMMON 00070
reset_vec                        reset_vec    00000
stackhi                          (abs)        023EF
stacklo                          (abs)        02110
start                            init         00002
start_initialization             cinit        007E5
strlen@a                         cstackCOMMON 00076
strlen@s                         cstackCOMMON 00077
utoa@d                           cstackBANK0  0002C
utoa@fp                          cstackBANK0  00033
utoa@i                           cstackBANK0  0003A
utoa@n                           cstackBANK0  00036
utoa@p                           cstackBANK0  00031
utoa@w                           cstackBANK0  00034
vfpfcnvrt@ap                     cstackBANK0  0003D
vfpfcnvrt@fmt                    cstackBANK0  0003C
vfpfcnvrt@fp                     cstackBANK0  00047
vfpfcnvrt@llu                    cstackBANK0  00043
vfprintf@ap                      cstackBANK0  0004A
vfprintf@cfmt                    cstackBANK0  0004E
vfprintf@fmt                     cstackBANK0  00048
vfprintf@fp                      cstackBANK0  0004D
wtemp0                           (abs)        0007E


FUNCTION INFORMATION:

 *************** function _main *****************
 Defined at:
		line 144 in file "hough_PIC.c"
 Parameters:    Size  Location     Type
		None
 Auto vars:     Size  Location     Type
		None
 Return value:  Size  Location     Type
                  2   32[None  ] int 
 Registers used:
		wreg, fsr0l, fsr0h, fsr1l, fsr1h, status,2, status,0, pclath, cstack
 Tracked objects:
		On entry : 
		On exit  : 
		Unchanged: 
 Data sizes:     COMMON   BANK0   BANK1   BANK2   BANK3   BANK4   BANK5   BANK6   BANK7   BANK8   BANK9  BANK10  BANK11  BANK12
      Params:         0       0       0       0       0       0       0       0       0       0       0       0       0       0
      Locals:         0       0       0       0       0       0       0       0       0       0       0       0       0       0
      Temps:          0       0       0       0       0       0       0       0       0       0       0       0       0       0
      Totals:         0       0       0       0       0       0       0       0       0       0       0       0       0       0
Total ram usage:        0 bytes
 Hardware stack levels required when called:    9
 This function calls:
		_endProcessLED
		_houghTransform
		_initUart
		_startProcessLED
 This function is called by:
		Startup code after reset
 This function uses a non-reentrant model


 *************** function _startProcessLED *****************
 Defined at:
		line 160 in file "hough_PIC.c"
 Parameters:    Size  Location     Type
		None
 Auto vars:     Size  Location     Type
		None
 Return value:  Size  Location     Type
                  1    wreg      void 
 Registers used:
		wreg, status,2
 Tracked objects:
		On entry : 
		On exit  : 
		Unchanged: 
 Data sizes:     COMMON   BANK0   BANK1   BANK2   BANK3   BANK4   BANK5   BANK6   BANK7   BANK8   BANK9  BANK10  BANK11  BANK12
      Params:         0       0       0       0       0       0       0       0       0       0       0       0       0       0
      Locals:         0       0       0       0       0       0       0       0       0       0       0       0       0       0
      Temps:          0       0       0       0       0       0       0       0       0       0       0       0       0       0
      Totals:         0       0       0       0       0       0       0       0       0       0       0       0       0       0
Total ram usage:        0 bytes
 Hardware stack levels used:    1
 This function calls:
		Nothing
 This function is called by:
		_main
 This function uses a non-reentrant model


 *************** function _initUart *****************
 Defined at:
		line 190 in file "hough_PIC.c"
 Parameters:    Size  Location     Type
		None
 Auto vars:     Size  Location     Type
		None
 Return value:  Size  Location     Type
                  1    wreg      void 
 Registers used:
		None
 Tracked objects:
		On entry : 
		On exit  : 
		Unchanged: 
 Data sizes:     COMMON   BANK0   BANK1   BANK2   BANK3   BANK4   BANK5   BANK6   BANK7   BANK8   BANK9  BANK10  BANK11  BANK12
      Params:         0       0       0       0       0       0       0       0       0       0       0       0       0       0
      Locals:         0       0       0       0       0       0       0       0       0       0       0       0       0       0
      Temps:          0       0       0       0       0       0       0       0       0       0       0       0       0       0
      Totals:         0       0       0       0       0       0       0       0       0       0       0       0       0       0
Total ram usage:        0 bytes
 Hardware stack levels used:    1
 This function calls:
		Nothing
 This function is called by:
		_main
 This function uses a non-reentrant model


 *************** function _houghTransform *****************
 Defined at:
		line 223 in file "hough_PIC.c"
 Parameters:    Size  Location     Type
		None
 Auto vars:     Size  Location     Type
  sinTheta        4   38[BANK2 ] float 
  cosTheta        4   34[BANK2 ] float 
  rho             4   30[BANK2 ] float 
  theta           2   59[BANK2 ] int 
  i               2   57[BANK2 ] int 
  j               2   55[BANK2 ] int 
  rhoD            2   53[BANK2 ] int 
  inputImage      2   50[BANK2 ] PTR unsigned char 
		 -> DataInput(400), 
  accumulator_    1   52[BANK2 ] unsigned char 
 Return value:  Size  Location     Type
                  1    wreg      void 
 Registers used:
		wreg, fsr0l, fsr0h, fsr1l, fsr1h, status,2, status,0, pclath, cstack
 Tracked objects:
		On entry : 
		On exit  : 
		Unchanged: 
 Data sizes:     COMMON   BANK0   BANK1   BANK2   BANK3   BANK4   BANK5   BANK6   BANK7   BANK8   BANK9  BANK10  BANK11  BANK12
      Params:         0       0       0       0       0       0       0       0       0       0       0       0       0       0
      Locals:         0       0       0      31       0       0       0       0       0       0       0       0       0       0
      Temps:          0       0       3       0       0       0       0       0       0       0       0       0       0       0
      Totals:         0       0       3      31       0       0       0       0       0       0       0       0       0       0
Total ram usage:       34 bytes
 Hardware stack levels used:    1
 Hardware stack levels required when called:    8
 This function calls:
		___fladd
		___fldiv
		___fleq
		___flmul
		___flneg
		___wmul
		___xxtofl
		_ceilf
		_cosf
		_printf
 This function is called by:
		_main
 This function uses a non-reentrant model


 *************** function _printf *****************
 Defined at:
		line 5 in file "/opt/microchip/xc8/v2.00/pic/sources/c99/common/printf.c"
 Parameters:    Size  Location     Type
  fmt             2   48[BANK0 ] PTR const unsigned char 
		 -> STR_3(2), STR_2(2), STR_1(4), 
 Auto vars:     Size  Location     Type
  ret             2   53[BANK0 ] int 
  ap              1   55[BANK0 ] PTR void [1]
		 -> ?_printf(2), 
 Return value:  Size  Location     Type
                  2   48[BANK0 ] int 
 Registers used:
		wreg, fsr0l, fsr0h, fsr1l, fsr1h, status,2, status,0, pclath, cstack
 Tracked objects:
		On entry : 
		On exit  : 
		Unchanged: 
 Data sizes:     COMMON   BANK0   BANK1   BANK2   BANK3   BANK4   BANK5   BANK6   BANK7   BANK8   BANK9  BANK10  BANK11  BANK12
      Params:         0       4       0       0       0       0       0       0       0       0       0       0       0       0
      Locals:         0       3       0       0       0       0       0       0       0       0       0       0       0       0
      Temps:          0       1       0       0       0       0       0       0       0       0       0       0       0       0
      Totals:         0       8       0       0       0       0       0       0       0       0       0       0       0       0
Total ram usage:        8 bytes
 Hardware stack levels used:    1
 Hardware stack levels required when called:    7
 This function calls:
		_vfprintf
 This function is called by:
		_houghTransform
 This function uses a non-reentrant model


 *************** function _vfprintf *****************
 Defined at:
		line 1368 in file "/opt/microchip/xc8/v2.00/pic/sources/c99/common/doprnt.c"
 Parameters:    Size  Location     Type
  fp              1    wreg     PTR struct _IO_FILE
		 -> NULL(0), 
  fmt             2   40[BANK0 ] PTR const unsigned char 
		 -> STR_3(2), STR_2(2), STR_1(4), 
  ap              1   42[BANK0 ] PTR PTR void 
		 -> printf@ap(1), 
 Auto vars:     Size  Location     Type
  fp              1   45[BANK0 ] PTR struct _IO_FILE
		 -> NULL(0), 
  cfmt            2   46[BANK0 ] PTR unsigned char 
		 -> STR_3(2), STR_2(2), STR_1(4), 
 Return value:  Size  Location     Type
                  2   40[BANK0 ] int 
 Registers used:
		wreg, fsr0l, fsr0h, fsr1l, fsr1h, status,2, status,0, pclath, cstack
 Tracked objects:
		On entry : 
		On exit  : 
		Unchanged: 
 Data sizes:     COMMON   BANK0   BANK1   BANK2   BANK3   BANK4   BANK5   BANK6   BANK7   BANK8   BANK9  BANK10  BANK11  BANK12
      Params:         0       3       0       0       0       0       0       0       0       0       0       0       0       0
      Locals:         0       3       0       0       0       0       0       0       0       0       0       0       0       0
      Temps:          0       2       0       0       0       0       0       0       0       0       0       0       0       0
      Totals:         0       8       0       0       0       0       0       0       0       0       0       0       0       0
Total ram usage:        8 bytes
 Hardware stack levels used:    1
 Hardware stack levels required when called:    6
 This function calls:
		_vfpfcnvrt
 This function is called by:
		_printf
 This function uses a non-reentrant model


 *************** function _vfpfcnvrt *****************
 Defined at:
		line 670 in file "/opt/microchip/xc8/v2.00/pic/sources/c99/common/doprnt.c"
 Parameters:    Size  Location     Type
  fp              1    wreg     PTR struct _IO_FILE
		 -> NULL(0), 
  fmt             1   28[BANK0 ] PTR PTR unsigned char 
		 -> vfprintf@cfmt(2), 
  ap              1   29[BANK0 ] PTR PTR void 
		 -> printf@ap(1), 
 Auto vars:     Size  Location     Type
  fp              1   39[BANK0 ] PTR struct _IO_FILE
		 -> NULL(0), 
  llu             4   35[BANK0 ] unsigned long 
  f               4    0        unsigned long 
  ll              4    0        long 
  ct              3    0        unsigned char [3]
  vp              2    0        PTR void 
  i               2    0        int 
  done            2    0        int 
  cp              2    0        PTR unsigned char 
  c               1    0        unsigned char 
 Return value:  Size  Location     Type
                  2   28[BANK0 ] int 
 Registers used:
		wreg, fsr0l, fsr0h, fsr1l, fsr1h, status,2, status,0, pclath, cstack
 Tracked objects:
		On entry : 
		On exit  : 
		Unchanged: 
 Data sizes:     COMMON   BANK0   BANK1   BANK2   BANK3   BANK4   BANK5   BANK6   BANK7   BANK8   BANK9  BANK10  BANK11  BANK12
      Params:         0       2       0       0       0       0       0       0       0       0       0       0       0       0
      Locals:         0       5       0       0       0       0       0       0       0       0       0       0       0       0
      Temps:          0       5       0       0       0       0       0       0       0       0       0       0       0       0
      Totals:         0      12       0       0       0       0       0       0       0       0       0       0       0       0
Total ram usage:       12 bytes
 Hardware stack levels used:    1
 Hardware stack levels required when called:    5
 This function calls:
		_fputc
		_utoa
 This function is called by:
		_vfprintf
 This function uses a non-reentrant model


 *************** function _utoa *****************
 Defined at:
		line 593 in file "/opt/microchip/xc8/v2.00/pic/sources/c99/common/doprnt.c"
 Parameters:    Size  Location     Type
  fp              1    wreg     PTR struct _IO_FILE
		 -> NULL(0), 
  d               4   12[BANK0 ] unsigned long 
 Auto vars:     Size  Location     Type
  fp              1   19[BANK0 ] PTR struct _IO_FILE
		 -> NULL(0), 
  n               4   22[BANK0 ] unsigned long 
  i               2   26[BANK0 ] int 
  w               2   20[BANK0 ] int 
  p               2   17[BANK0 ] int 
 Return value:  Size  Location     Type
                  2   12[BANK0 ] int 
 Registers used:
		wreg, fsr1l, fsr1h, status,2, status,0, pclath, cstack
 Tracked objects:
		On entry : 
		On exit  : 
		Unchanged: 
 Data sizes:     COMMON   BANK0   BANK1   BANK2   BANK3   BANK4   BANK5   BANK6   BANK7   BANK8   BANK9  BANK10  BANK11  BANK12
      Params:         0       4       0       0       0       0       0       0       0       0       0       0       0       0
      Locals:         0      11       0       0       0       0       0       0       0       0       0       0       0       0
      Temps:          0       1       0       0       0       0       0       0       0       0       0       0       0       0
      Totals:         0      16       0       0       0       0       0       0       0       0       0       0       0       0
Total ram usage:       16 bytes
 Hardware stack levels used:    1
 Hardware stack levels required when called:    4
 This function calls:
		___lldiv
		___llmod
		_pad
 This function is called by:
		_vfpfcnvrt
 This function uses a non-reentrant model


 *************** function _pad *****************
 Defined at:
		line 72 in file "/opt/microchip/xc8/v2.00/pic/sources/c99/common/doprnt.c"
 Parameters:    Size  Location     Type
  fp              1    wreg     PTR struct _IO_FILE
		 -> NULL(0), 
  buf             1    4[BANK0 ] PTR unsigned char 
		 -> dbuf(32), 
  p               2    5[BANK0 ] int 
 Auto vars:     Size  Location     Type
  fp              1   11[BANK0 ] PTR struct _IO_FILE
		 -> NULL(0), 
  w               2    9[BANK0 ] int 
  i               2    7[BANK0 ] int 
 Return value:  Size  Location     Type
                  2    4[BANK0 ] int 
 Registers used:
		wreg, fsr1l, fsr1h, status,2, status,0, pclath, cstack
 Tracked objects:
		On entry : 
		On exit  : 
		Unchanged: 
 Data sizes:     COMMON   BANK0   BANK1   BANK2   BANK3   BANK4   BANK5   BANK6   BANK7   BANK8   BANK9  BANK10  BANK11  BANK12
      Params:         0       3       0       0       0       0       0       0       0       0       0       0       0       0
      Locals:         0       5       0       0       0       0       0       0       0       0       0       0       0       0
      Temps:          1       0       0       0       0       0       0       0       0       0       0       0       0       0
      Totals:         1       8       0       0       0       0       0       0       0       0       0       0       0       0
Total ram usage:        9 bytes
 Hardware stack levels used:    1
 Hardware stack levels required when called:    3
 This function calls:
		_fputc
		_fputs
		_strlen
 This function is called by:
		_utoa
 This function uses a non-reentrant model


 *************** function _strlen *****************
 Defined at:
		line 12 in file "/opt/microchip/xc8/v2.00/pic/sources/c99/common/strlen.c"
 Parameters:    Size  Location     Type
  s               1    wreg     PTR const unsigned char 
		 -> dbuf(32), 
 Auto vars:     Size  Location     Type
  s               1    7[COMMON] PTR const unsigned char 
		 -> dbuf(32), 
  a               1    6[COMMON] PTR const unsigned char 
		 -> dbuf(32), 
 Return value:  Size  Location     Type
                  2    0[COMMON] unsigned int 
 Registers used:
		wreg, fsr1l, fsr1h, status,2, status,0
 Tracked objects:
		On entry : 
		On exit  : 
		Unchanged: 
 Data sizes:     COMMON   BANK0   BANK1   BANK2   BANK3   BANK4   BANK5   BANK6   BANK7   BANK8   BANK9  BANK10  BANK11  BANK12
      Params:         2       0       0       0       0       0       0       0       0       0       0       0       0       0
      Locals:         2       0       0       0       0       0       0       0       0       0       0       0       0       0
      Temps:          4       0       0       0       0       0       0       0       0       0       0       0       0       0
      Totals:         8       0       0       0       0       0       0       0       0       0       0       0       0       0
Total ram usage:        8 bytes
 Hardware stack levels used:    1
 This function calls:
		Nothing
 This function is called by:
		_pad
 This function uses a non-reentrant model


 *************** function _fputs *****************
 Defined at:
		line 8 in file "/opt/microchip/xc8/v2.00/pic/sources/c99/common/nf_fputs.c"
 Parameters:    Size  Location     Type
  s               1    wreg     PTR const unsigned char 
		 -> dbuf(32), 
  fp              1    9[COMMON] PTR struct _IO_FILE
		 -> NULL(0), 
 Auto vars:     Size  Location     Type
  s               1    3[BANK0 ] PTR const unsigned char 
		 -> dbuf(32), 
  i               2    1[BANK0 ] int 
  c               1    0[BANK0 ] unsigned char 
 Return value:  Size  Location     Type
                  2    9[COMMON] int 
 Registers used:
		wreg, fsr1l, fsr1h, status,2, status,0, pclath, cstack
 Tracked objects:
		On entry : 
		On exit  : 
		Unchanged: 
 Data sizes:     COMMON   BANK0   BANK1   BANK2   BANK3   BANK4   BANK5   BANK6   BANK7   BANK8   BANK9  BANK10  BANK11  BANK12
      Params:         1       0       0       0       0       0       0       0       0       0       0       0       0       0
      Locals:         0       4       0       0       0       0       0       0       0       0       0       0       0       0
      Temps:          3       0       0       0       0       0       0       0       0       0       0       0       0       0
      Totals:         4       4       0       0       0       0       0       0       0       0       0       0       0       0
Total ram usage:        8 bytes
 Hardware stack levels used:    1
 Hardware stack levels required when called:    2
 This function calls:
		_fputc
 This function is called by:
		_pad
 This function uses a non-reentrant model


 *************** function _fputc *****************
 Defined at:
		line 8 in file "/opt/microchip/xc8/v2.00/pic/sources/c99/common/nf_fputc.c"
 Parameters:    Size  Location     Type
  c               2    1[COMMON] int 
  fp              1    3[COMMON] PTR struct _IO_FILE
		 -> NULL(0), 
 Auto vars:     Size  Location     Type
		None
 Return value:  Size  Location     Type
                  2    1[COMMON] int 
 Registers used:
		wreg, fsr1l, fsr1h, status,2, status,0, pclath, cstack
 Tracked objects:
		On entry : 
		On exit  : 
		Unchanged: 
 Data sizes:     COMMON   BANK0   BANK1   BANK2   BANK3   BANK4   BANK5   BANK6   BANK7   BANK8   BANK9  BANK10  BANK11  BANK12
      Params:         3       0       0       0       0       0       0       0       0       0       0       0       0       0
      Locals:         0       0       0       0       0       0       0       0       0       0       0       0       0       0
      Temps:          5       0       0       0       0       0       0       0       0       0       0       0       0       0
      Totals:         8       0       0       0       0       0       0       0       0       0       0       0       0       0
Total ram usage:        8 bytes
 Hardware stack levels used:    1
 Hardware stack levels required when called:    1
 This function calls:
		_putch
 This function is called by:
		_pad
		_vfpfcnvrt
		_fputs
 This function uses a non-reentrant model


 *************** function _putch *****************
 Defined at:
		line 203 in file "hough_PIC.c"
 Parameters:    Size  Location     Type
  data            1    wreg     unsigned char 
 Auto vars:     Size  Location     Type
  data            1    0[COMMON] unsigned char 
 Return value:  Size  Location     Type
                  1    wreg      void 
 Registers used:
		wreg
 Tracked objects:
		On entry : 
		On exit  : 
		Unchanged: 
 Data sizes:     COMMON   BANK0   BANK1   BANK2   BANK3   BANK4   BANK5   BANK6   BANK7   BANK8   BANK9  BANK10  BANK11  BANK12
      Params:         0       0       0       0       0       0       0       0       0       0       0       0       0       0
      Locals:         1       0       0       0       0       0       0       0       0       0       0       0       0       0
      Temps:          0       0       0       0       0       0       0       0       0       0       0       0       0       0
      Totals:         1       0       0       0       0       0       0       0       0       0       0       0       0       0
Total ram usage:        1 bytes
 Hardware stack levels used:    1
 This function calls:
		Nothing
 This function is called by:
		_fputc
 This function uses a non-reentrant model


 *************** function ___llmod *****************
 Defined at:
		line 5 in file "/opt/microchip/xc8/v2.00/pic/sources/c99/common/llmod.c"
 Parameters:    Size  Location     Type
  divisor         4    0[COMMON] unsigned long 
  dividend        4    4[COMMON] unsigned long 
 Auto vars:     Size  Location     Type
  counter         1    9[COMMON] unsigned char 
 Return value:  Size  Location     Type
                  4    0[COMMON] unsigned long 
 Registers used:
		wreg, status,2, status,0
 Tracked objects:
		On entry : 
		On exit  : 
		Unchanged: 
 Data sizes:     COMMON   BANK0   BANK1   BANK2   BANK3   BANK4   BANK5   BANK6   BANK7   BANK8   BANK9  BANK10  BANK11  BANK12
      Params:         8       0       0       0       0       0       0       0       0       0       0       0       0       0
      Locals:         1       0       0       0       0       0       0       0       0       0       0       0       0       0
      Temps:          1       0       0       0       0       0       0       0       0       0       0       0       0       0
      Totals:        10       0       0       0       0       0       0       0       0       0       0       0       0       0
Total ram usage:       10 bytes
 Hardware stack levels used:    1
 This function calls:
		Nothing
 This function is called by:
		_utoa
 This function uses a non-reentrant model


 *************** function ___lldiv *****************
 Defined at:
		line 5 in file "/opt/microchip/xc8/v2.00/pic/sources/c99/common/__lldiv.c"
 Parameters:    Size  Location     Type
  divisor         4    0[COMMON] unsigned long 
  dividend        4    4[COMMON] unsigned long 
 Auto vars:     Size  Location     Type
  quotient        4    9[COMMON] unsigned long 
  counter         1   13[COMMON] unsigned char 
 Return value:  Size  Location     Type
                  4    0[COMMON] unsigned long 
 Registers used:
		wreg, status,2, status,0
 Tracked objects:
		On entry : 
		On exit  : 
		Unchanged: 
 Data sizes:     COMMON   BANK0   BANK1   BANK2   BANK3   BANK4   BANK5   BANK6   BANK7   BANK8   BANK9  BANK10  BANK11  BANK12
      Params:         8       0       0       0       0       0       0       0       0       0       0       0       0       0
      Locals:         5       0       0       0       0       0       0       0       0       0       0       0       0       0
      Temps:          1       0       0       0       0       0       0       0       0       0       0       0       0       0
[...]
 This function uses a non-reentrant model


 *************** function ___flneg *****************
 Defined at:
		line 15 in file "/opt/microchip/xc8/v2.00/pic/sources/c99/common/flneg.c"
 Parameters:    Size  Location     Type
  f1              4   52[BANK0 ] long 
 Auto vars:     Size  Location     Type
		None
 Return value:  Size  Location     Type
                  4   52[BANK0 ] long 
 Registers used:
		wreg
 Tracked objects:
		On entry : 
		On exit  : 
		Unchanged: 
 Data sizes:     COMMON   BANK0   BANK1   BANK2   BANK3   BANK4   BANK5   BANK6   BANK7   BANK8   BANK9  BANK10  BANK11  BANK12
      Params:         0       4       0       0       0       0       0       0       0       0       0       0       0       0
      Locals:         0       0       0       0       0       0       0       0       0       0       0       0       0       0
      Temps:          0       0       0       0       0       0       0       0       0       0       0       0       0       0
      Totals:         0       4       0       0       0       0       0       0       0       0       0       0       0       0
Total ram usage:        4 bytes
 Hardware stack levels used:    1
 This function calls:
		Nothing
 This function is called by:
		_houghTransform
		_cosf
		___rem_pio2f
 This function uses a non-reentrant model


 *************** function ___cosdf *****************
 Defined at:
		line 26 in file "/opt/microchip/xc8/v2.00/pic/sources/c99/common/__cosdf.c"
 Parameters:    Size  Location     Type
  x               4    0[BANK1 ] long 
 Auto vars:     Size  Location     Type
  z               4   32[BANK1 ] long 
  w               4   28[BANK1 ] long 
  r               4   12[BANK1 ] long 
 Return value:  Size  Location     Type
                  4    0[BANK1 ] float 
 Registers used:
		wreg, fsr0l, fsr0h, status,2, status,0, pclath, cstack
 Tracked objects:
		On entry : 
		On exit  : 
		Unchanged: 
 Data sizes:     COMMON   BANK0   BANK1   BANK2   BANK3   BANK4   BANK5   BANK6   BANK7   BANK8   BANK9  BANK10  BANK11  BANK12
      Params:         0       0       4       0       0       0       0       0       0       0       0       0       0       0
      Locals:         0       0      24       0       0       0       0       0       0       0       0       0       0       0
      Temps:          0       0       8       0       0       0       0       0       0       0       0       0       0       0
      Totals:         0       0      36       0       0       0       0       0       0       0       0       0       0       0
Total ram usage:       36 bytes
 Hardware stack levels used:    1
 Hardware stack levels required when called:    2
 This function calls:
		___fladd
		___flmul
 This function is called by:
		_cosf
 This function uses a non-reentrant model


 *************** function ___flmul *****************
 Defined at:
		line 8 in file "/opt/microchip/xc8/v2.00/pic/sources/c99/common/sprcmul.c"
 Parameters:    Size  Location     Type
  b               4    0[BANK0 ] float 
  a               4    4[BANK0 ] float 
 Auto vars:     Size  Location     Type
  prod            4   20[BANK0 ] struct .
  grs             4   14[BANK0 ] unsigned long 
  temp            2   24[BANK0 ] struct .
  bexp            1   19[BANK0 ] unsigned char 
  aexp            1   18[BANK0 ] unsigned char 
  sign            1   13[BANK0 ] unsigned char 
 Return value:  Size  Location     Type
                  4    0[BANK0 ] unsigned char 
 Registers used:
		wreg, status,2, status,0, pclath, cstack
 Tracked objects:
		On entry : 
		On exit  : 
		Unchanged: 
 Data sizes:     COMMON   BANK0   BANK1   BANK2   BANK3   BANK4   BANK5   BANK6   BANK7   BANK8   BANK9  BANK10  BANK11  BANK12
      Params:         0       8       0       0       0       0       0       0       0       0       0       0       0       0
      Locals:         0      13       0       0       0       0       0       0       0       0       0       0       0       0
      Temps:          0       5       0       0       0       0       0       0       0       0       0       0       0       0
      Totals:         0      26       0       0       0       0       0       0       0       0       0       0       0       0
Total ram usage:       26 bytes
 Hardware stack levels used:    1
 Hardware stack levels required when called:    1
 This function calls:
		__Umul8_16
 This function is called by:
		_houghTransform
		___cosdf
		___rem_pio2f
		___sindf
 This function uses a non-reentrant model


 *************** function __Umul8_16 *****************
 Defined at:
		line 4 in file "/opt/microchip/xc8/v2.00/pic/sources/c99/common/Umul8_16.c"
 Parameters:    Size  Location     Type
  multiplier      1    wreg     unsigned char 
  multiplicand    1    0[COMMON] unsigned char 
 Auto vars:     Size  Location     Type
  multiplier      1    8[COMMON] unsigned char 
  word_mpld       2    6[COMMON] unsigned int 
  product         2    4[COMMON] unsigned int 
 Return value:  Size  Location     Type
                  2    0[COMMON] unsigned int 
 Registers used:
		wreg, status,2, status,0
 Tracked objects:
		On entry : 
		On exit  : 
		Unchanged: 
 Data sizes:     COMMON   BANK0   BANK1   BANK2   BANK3   BANK4   BANK5   BANK6   BANK7   BANK8   BANK9  BANK10  BANK11  BANK12
      Params:         2       0       0       0       0       0       0       0       0       0       0       0       0       0
      Locals:         5       0       0       0       0       0       0       0       0       0       0       0       0       0
      Temps:          2       0       0       0       0       0       0       0       0       0       0       0       0       0
      Totals:         9       0       0       0       0       0       0       0       0       0       0       0       0       0
Total ram usage:        9 bytes
 Hardware stack levels used:    1
 This function calls:
		Nothing
 This function is called by:
		___flmul
 This function uses a non-reentrant model


 *************** function ___fladd *****************
 Defined at:
		line 10 in file "/opt/microchip/xc8/v2.00/pic/sources/c99/common/sprcadd.c"
 Parameters:    Size  Location     Type
  b               4   56[BANK0 ] unsigned int 
  a               4   60[BANK0 ] unsigned int 
 Auto vars:     Size  Location     Type
  grs             1   79[BANK0 ] unsigned char 
  bexp            1   78[BANK0 ] unsigned char 
  aexp            1   77[BANK0 ] unsigned char 
  signs           1   76[BANK0 ] unsigned char 
 Return value:  Size  Location     Type
                  4   56[BANK0 ] unsigned char 
 Registers used:
		wreg, status,2, status,0
 Tracked objects:
		On entry : 
		On exit  : 
		Unchanged: 
 Data sizes:     COMMON   BANK0   BANK1   BANK2   BANK3   BANK4   BANK5   BANK6   BANK7   BANK8   BANK9  BANK10  BANK11  BANK12
      Params:         0       8       0       0       0       0       0       0       0       0       0       0       0       0
      Locals:         0       4       0       0       0       0       0       0       0       0       0       0       0       0
      Temps:          0      12       0       0       0       0       0       0       0       0       0       0       0       0
      Totals:         0      24       0       0       0       0       0       0       0       0       0       0       0       0
Total ram usage:       24 bytes
 Hardware stack levels used:    1
 This function calls:
		Nothing
 This function is called by:
		_houghTransform
		_cosf
		___cosdf
		___rem_pio2f
		___sindf
 This function uses a non-reentrant model


 *************** function _ceilf *****************
 Defined at:
		line 3 in file "/opt/microchip/xc8/v2.00/pic/sources/c99/common/ceilf.c"
 Parameters:    Size  Location     Type
  x               4    0[BANK1 ] float 
 Auto vars:     Size  Location     Type
  u               4   16[BANK1 ] struct .
  m               4   10[BANK1 ] unsigned long 
  e               2   14[BANK1 ] int 
 Return value:  Size  Location     Type
                  4    0[BANK1 ] float 
 Registers used:
		wreg, status,2, status,0
 Tracked objects:
		On entry : 
		On exit  : 
		Unchanged: 
 Data sizes:     COMMON   BANK0   BANK1   BANK2   BANK3   BANK4   BANK5   BANK6   BANK7   BANK8   BANK9  BANK10  BANK11  BANK12
      Params:         0       0       4       0       0       0       0       0       0       0       0       0       0       0
      Locals:         0       0      10       0       0       0       0       0       0       0       0       0       0       0
      Temps:          0       0       6       0       0       0       0       0       0       0       0       0       0       0
      Totals:         0       0      20       0       0       0       0       0       0       0       0       0       0       0
Total ram usage:       20 bytes
 Hardware stack levels used:    1
 This function calls:
		Nothing
 This function is called by:
		_houghTransform
 This function uses a non-reentrant model


 *************** function ___wmul *****************
 Defined at:
		line 15 in file "/opt/microchip/xc8/v2.00/pic/sources/c99/common/Umul16.c"
 Parameters:    Size  Location     Type
  multiplier      2    0[COMMON] unsigned int 
  multiplicand    2    2[COMMON] unsigned int 
 Auto vars:     Size  Location     Type
  product         2    4[COMMON] unsigned int 
 Return value:  Size  Location     Type
                  2    0[COMMON] unsigned int 
 Registers used:
		wreg, status,2, status,0
 Tracked objects:
		On entry : 
		On exit  : 
		Unchanged: 
 Data sizes:     COMMON   BANK0   BANK1   BANK2   BANK3   BANK4   BANK5   BANK6   BANK7   BANK8   BANK9  BANK10  BANK11  BANK12
      Params:         4       0       0       0       0       0       0       0       0       0       0       0       0       0
      Locals:         2       0       0       0       0       0       0       0       0       0       0       0       0       0
      Temps:          0       0       0       0       0       0       0       0       0       0       0       0       0       0
      Totals:         6       0       0       0       0       0       0       0       0       0       0       0       0       0
Total ram usage:        6 bytes
 Hardware stack levels used:    1
 This function calls:
		Nothing
 This function is called by:
		_houghTransform
 This function uses a non-reentrant model


 *************** function ___fleq *****************
 Defined at:
		line 4 in file "/opt/microchip/xc8/v2.00/pic/sources/c99/common/fleq.c"
 Parameters:    Size  Location     Type
  ff1             4   20[BANK1 ] unsigned int 
  ff2             4   24[BANK1 ] unsigned int 
 Auto vars:     Size  Location     Type
		None
 Return value:  Size  Location     Type
		None               void
 Registers used:
		wreg, status,2, status,0
 Tracked objects:
		On entry : 
		On exit  : 
		Unchanged: 
 Data sizes:     COMMON   BANK0   BANK1   BANK2   BANK3   BANK4   BANK5   BANK6   BANK7   BANK8   BANK9  BANK10  BANK11  BANK12
      Params:         0       0       8       0       0       0       0       0       0       0       0       0       0       0
      Locals:         0       0       0       0       0       0       0       0       0       0       0       0       0       0
      Temps:          0       0       4       0       0       0       0       0       0       0       0       0       0       0
      Totals:         0       0      12       0       0       0       0       0       0       0       0       0       0       0
Total ram usage:       12 bytes
 Hardware stack levels used:    1
 This function calls:
		Nothing
 This function is called by:
		_houghTransform
 This function uses a non-reentrant model


 *************** function ___fldiv *****************
 Defined at:
		line 8 in file "/opt/microchip/xc8/v2.00/pic/sources/c99/common/sprcdiv.c"
 Parameters:    Size  Location     Type
  a               4   26[BANK0 ] unsigned int 
  b               4   30[BANK0 ] unsigned int 
 Auto vars:     Size  Location     Type
  grs             4   46[BANK0 ] unsigned long 
  rem             4   39[BANK0 ] unsigned long 
  new_exp         2   44[BANK0 ] int 
  aexp            1   51[BANK0 ] unsigned char 
  bexp            1   50[BANK0 ] unsigned char 
  sign            1   43[BANK0 ] unsigned char 
 Return value:  Size  Location     Type
                  4   26[BANK0 ] unsigned char 
 Registers used:
		wreg, status,2, status,0
 Tracked objects:
		On entry : 
		On exit  : 
		Unchanged: 
 Data sizes:     COMMON   BANK0   BANK1   BANK2   BANK3   BANK4   BANK5   BANK6   BANK7   BANK8   BANK9  BANK10  BANK11  BANK12
      Params:         0       8       0       0       0       0       0       0       0       0       0       0       0       0
      Locals:         0      13       0       0       0       0       0       0       0       0       0       0       0       0
      Temps:          0       5       0       0       0       0       0       0       0       0       0       0       0       0
      Totals:         0      26       0       0       0       0       0       0       0       0       0       0       0       0
Total ram usage:       26 bytes
 Hardware stack levels used:    1
 This function calls:
		Nothing
 This function is called by:
		_houghTransform
 This function uses a non-reentrant model


 *************** function _endProcessLED *****************
 Defined at:
		line 176 in file "hough_PIC.c"
 Parameters:    Size  Location     Type
		None
 Auto vars:     Size  Location     Type
		None
 Return value:  Size  Location     Type
                  1    wreg      void 
 Registers used:
		None
 Tracked objects:
		On entry : 
		On exit  : 
		Unchanged: 
 Data sizes:     COMMON   BANK0   BANK1   BANK2   BANK3   BANK4   BANK5   BANK6   BANK7   BANK8   BANK9  BANK10  BANK11  BANK12
      Params:         0       0       0       0       0       0       0       0       0       0       0       0       0       0
      Locals:         0       0       0       0       0       0       0       0       0       0       0       0       0       0
      Temps:          0       0       0       0       0       0       0       0       0       0       0       0       0       0
      Totals:         0       0       0       0       0       0       0       0       0       0       0       0       0       0
Total ram usage:        0 bytes
 Hardware stack levels used:    1
 This function calls:
		Nothing
 This function is called by:
		_main
 This function uses a non-reentrant model



MODULE INFORMATION

Module		Function		Class		Link	Load	Size
/opt/microchip/xc8/v2.00/pic/sources/c99/common/cosf.c
		_cosf          		CODE           	02E2	0000	1284

/opt/microchip/xc8/v2.00/pic/sources/c99/common/cosf.c estimated size: 1284

/opt/microchip/xc8/v2.00/pic/sources/c99/common/Umul8_16.c
		__Umul8_16     		CODE           	1B1A	0000	39

/opt/microchip/xc8/v2.00/pic/sources/c99/common/Umul8_16.c estimated size: 39

/opt/microchip/xc8/v2.00/pic/sources/c99/common/flneg.c
		___flneg       		CODE           	1AB8	0000	15

/opt/microchip/xc8/v2.00/pic/sources/c99/common/flneg.c estimated size: 15

/opt/microchip/xc8/v2.00/pic/sources/c99/common/fabsf.c
		_fabsf         		CODE           	1AF7	0000	36

/opt/microchip/xc8/v2.00/pic/sources/c99/common/fabsf.c estimated size: 36

/opt/microchip/xc8/v2.00/pic/sources/c99/common/nf_fputc.c
		_fputc         		CODE           	1BCA	0000	69

/opt/microchip/xc8/v2.00/pic/sources/c99/common/nf_fputc.c estimated size: 69

/opt/microchip/xc8/v2.00/pic/sources/c99/common/printf.c
		_printf        		CODE           	0005	0000	25

/opt/microchip/xc8/v2.00/pic/sources/c99/common/printf.c estimated size: 25

/opt/microchip/xc8/v2.00/pic/sources/c99/common/__sindf.c
		___sindf       		CODE           	1362	0000	564

/opt/microchip/xc8/v2.00/pic/sources/c99/common/__sindf.c estimated size: 564

hough_PIC.c
		_startProcessLED		CODE           	0806	0000	8
		_putch         		CODE           	1AB3	0000	6
		_main          		CODE           	1AC6	0000	16
		_initUart      		CODE           	1AAF	0000	5
		_endProcessLED 		CODE           	1AAB	0000	5
		_houghTransform		CODE           	001D	0000	710

hough_PIC.c estimated size: 750

/opt/microchip/xc8/v2.00/pic/sources/c99/common/__rem_pio2f.c
		___rem_pio2f   		CODE           	0C29	0000	984

/opt/microchip/xc8/v2.00/pic/sources/c99/common/__rem_pio2f.c estimated size: 984

/opt/microchip/xc8/v2.00/pic/sources/c99/common/llmod.c
		___llmod       		CODE           	1C5F	0000	82

/opt/microchip/xc8/v2.00/pic/sources/c99/common/llmod.c estimated size: 82

/opt/microchip/xc8/v2.00/pic/sources/c99/common/__cosdf.c
		___cosdf       		CODE           	1167	0000	508

/opt/microchip/xc8/v2.00/pic/sources/c99/common/__cosdf.c estimated size: 508

/opt/microchip/xc8/v2.00/pic/sources/c99/common/xxtofl.c
		___xxtofl      		CODE           	1D6D	0000	181

/opt/microchip/xc8/v2.00/pic/sources/c99/common/xxtofl.c estimated size: 181

/opt/microchip/xc8/v2.00/pic/sources/c99/common/fleq.c
		___fleq        		CODE           	1C0E	0000	82

/opt/microchip/xc8/v2.00/pic/sources/c99/common/fleq.c estimated size: 82

/opt/microchip/xc8/v2.00/pic/sources/c99/common/sprcmul.c
		___flmul       		CODE           	1595	0000	620

/opt/microchip/xc8/v2.00/pic/sources/c99/common/sprcmul.c estimated size: 620

/opt/microchip/xc8/v2.00/pic/sources/c99/common/__lldiv.c
		___lldiv       		CODE           	1D0C	0000	98

/opt/microchip/xc8/v2.00/pic/sources/c99/common/__lldiv.c estimated size: 98

shared
		_S1            		STRCODE        	19A0	0000	5
		_S2            		STRCODE        	199C	0000	5
		_S3            		STRCODE        	1998	0000	5
		_S4            		STRCODE        	1994	0000	5
		_c1pio2        		STRCODE        	19D4	0000	5
		_c2pio2        		STRCODE        	19D0	0000	5
		_c3pio2        		STRCODE        	19CC	0000	5
		_c4pio2        		STRCODE        	19C8	0000	5
		__initialization		CODE           	07E5	0000	25
		_pio2_1t       		STRCODE        	19A4	0000	5
		_toint         		STRCODE        	0000	0000	0
		_DataInput     		STRCODE        	1800	0000	401
		_half          		STRCODE        	19B0	0000	5
		_pio2_1        		STRCODE        	19A8	0000	5
		_C0            		STRCODE        	19C4	0000	5
		_C1            		STRCODE        	19C0	0000	5
		_C2            		STRCODE        	19BC	0000	5
		_C3            		STRCODE        	19B8	0000	5
		_invpio2       		STRCODE        	19AC	0000	5

shared estimated size: 506

/opt/microchip/xc8/v2.00/pic/sources/c99/common/sprcdiv.c
		___fldiv       		CODE           	1E21	0000	480

/opt/microchip/xc8/v2.00/pic/sources/c99/common/sprcdiv.c estimated size: 480

/opt/microchip/xc8/v2.00/pic/sources/c99/common/strlen.c
		_strlen        		CODE           	1B40	0000	43

/opt/microchip/xc8/v2.00/pic/sources/c99/common/strlen.c estimated size: 43

/opt/microchip/xc8/v2.00/pic/sources/c99/common/nf_fputs.c
		_fputs         		CODE           	1B6A	0000	44

/opt/microchip/xc8/v2.00/pic/sources/c99/common/nf_fputs.c estimated size: 44

/opt/microchip/xc8/v2.00/pic/sources/c99/common/ceilf.c
		_ceilf         		CODE           	08CF	0000	233

/opt/microchip/xc8/v2.00/pic/sources/c99/common/ceilf.c estimated size: 233

/opt/microchip/xc8/v2.00/pic/sources/c99/common/fltol.c
		___fltol       		CODE           	1001	0000	150

/opt/microchip/xc8/v2.00/pic/sources/c99/common/fltol.c estimated size: 150

/opt/microchip/xc8/v2.00/pic/sources/c99/common/doprnt.c
		_vfpfcnvrt     		CODE           	080D	0000	195
		_pad           		CODE           	1CB0	0000	93
		_vfprintf      		CODE           	1B95	0000	54
		_utoa          		CODE           	1096	0000	210

/opt/microchip/xc8/v2.00/pic/sources/c99/common/doprnt.c estimated size: 552

/opt/microchip/xc8/v2.00/pic/sources/c99/common/Umul16.c
		___wmul        		CODE           	1AD5	0000	35

/opt/microchip/xc8/v2.00/pic/sources/c99/common/Umul16.c estimated size: 35

/opt/microchip/xc8/v2.00/pic/sources/c99/common/sprcadd.c
		___fladd       		CODE           	09B7	0000	627

/opt/microchip/xc8/v2.00/pic/sources/c99/common/sprcadd.c estimated size: 627

